[33mΓ¥»[39m Building...
[32mΓ£ö[39m Building...
[1mInitial chunk files[22m[2m | [22m[1mNames[22m        [2m | [22m [1mRaw size[22m[2m | [22m[1mEstimated transfer size[22m
[32mmain-5GFLQBI6.js[39m   [2m | [22m[2mmain[22m         [2m | [22m[36m416.94 kB[39m[2m | [22m               [36m80.12 kB[39m
[32mstyles-4ZWAAZYV.css[39m[2m | [22m[2mstyles[22m       [2m | [22m [36m11.15 kB[39m[2m | [22m              [36m811 bytes[39m

[1m [22m                  [2m | [22m[1mInitial total[22m[2m | [22m[1m428.09 kB[22m[2m | [22m               [1m80.93 kB[22m

Application bundle generation complete. [2.987 seconds] - 2026-02-15T17:19:07.891Z

node.exe : 
[1m[33m[33mΓû▓ [4
3;33m[[43;30mWARNING
[43;33m][0m 
[1mDeprecation[0m 
[1m[35m[plugin 
angular-sass][0m
At C:\Program Files\n
odejs\npx.ps1:29 
char:3
+   & $NODE_EXE 
$NPX_CLI_JS $args
+   ~~~~~~~~~~~~~~~~~
~~~~~~~~~~~~
    + CategoryInfo   
           : 
NotSpecified: (    [
1m[33m[33mΓ...gula 
   
r-sass][0m:String) 
[    ], 
RemoteException
    + 
FullyQualifiedError  
  Id : 
NativeCommandErr    
or
 

    src/app/features/
codes/code-agent/code
-agent.component.scss
:1:8:
[37m      1 Γöé 
@import [32m[37m'..
/code-shared';
        Γò╡         
[32m^[0m


  Sass @import rules 
are deprecated and 
will be removed in 
Dart Sass 3.0.0.
  
  More info and 
automated migrator: 
[4mhttps://sass-lang.
com/d/import[0m


[33mΓû▓ [43;33m[[4
3;30mWARNING[43;33m]
[0m 
[1mDeprecation[0m 
[1m[35m[plugin 
angular-sass][0m

    src/app/features/
codes/code-boat/code-
boat.component.scss:1
:8:
[37m      1 Γöé 
@import [32m[37m'..
/code-shared';
        Γò╡         
[32m^[0m


  Sass @import rules 
are deprecated and 
will be removed in 
Dart Sass 3.0.0.
  
  More info and 
automated migrator: 
[4mhttps://sass-lang.
com/d/import[0m


[33mΓû▓ [43;33m[[4
3;30mWARNING[43;33m]
[0m 
[1mDeprecation[0m 
[1m[35m[plugin 
angular-sass][0m

    src/app/features/
codes/code-excursion-
supplier/code-excursi
on-supplier.component
.scss:1:8:
[37m      1 Γöé 
@import [32m[37m'..
/code-shared';
        Γò╡         
[32m^[0m


  Sass @import rules 
are deprecated and 
will be removed in 
Dart Sass 3.0.0.
  
  More info and 
automated migrator: 
[4mhttps://sass-lang.
com/d/import[0m


[33mΓû▓ [43;33m[[4
3;30mWARNING[43;33m]
[0m 
[1mDeprecation[0m 
[1m[35m[plugin 
angular-sass][0m

    src/app/features/
codes/code-excursion/
code-excursion.compon
ent.scss:1:8:
[37m      1 Γöé 
@import [32m[37m'..
/code-shared';
        Γò╡         
[32m^[0m


  Sass @import rules 
are deprecated and 
will be removed in 
Dart Sass 3.0.0.
  
  More info and 
automated migrator: 
[4mhttps://sass-lang.
com/d/import[0m


[33mΓû▓ [43;33m[[4
3;30mWARNING[43;33m]
[0m 
[1mDeprecation[0m 
[1m[35m[plugin 
angular-sass][0m

    src/app/features/
codes/code-guide/code
-guide.component.scss
:1:8:
[37m      1 Γöé 
@import [32m[37m'..
/code-shared';
        Γò╡         
[32m^[0m


  Sass @import rules 
are deprecated and 
will be removed in 
Dart Sass 3.0.0.
  
  More info and 
automated migrator: 
[4mhttps://sass-lang.
com/d/import[0m


[33mΓû▓ [43;33m[[4
3;30mWARNING[43;33m]
[0m 
[1mDeprecation[0m 
[1m[35m[plugin 
angular-sass][0m

    src/app/features/
codes/code-hotel-dest
ination/code-hotel-de
stination.component.s
css:1:8:
[37m      1 Γöé 
@import [32m[37m'..
/code-shared';
        Γò╡         
[32m^[0m


  Sass @import rules 
are deprecated and 
will be removed in 
Dart Sass 3.0.0.
  
  More info and 
automated migrator: 
[4mhttps://sass-lang.
com/d/import[0m


[33mΓû▓ [43;33m[[4
3;30mWARNING[43;33m]
[0m 
[1mDeprecation[0m 
[1m[35m[plugin 
angular-sass][0m

    src/app/features/
codes/code-hotel/code
-hotel.component.scss
:1:8:
[37m      1 Γöé 
@import [32m[37m'..
/code-shared';
        Γò╡         
[32m^[0m


  Sass @import rules 
are deprecated and 
will be removed in 
Dart Sass 3.0.0.
  
  More info and 
automated migrator: 
[4mhttps://sass-lang.
com/d/import[0m


[33mΓû▓ [43;33m[[4
3;30mWARNING[43;33m]
[0m 
[1mDeprecation[0m 
[1m[35m[plugin 
angular-sass][0m

    src/app/features/
codes/code-nationalit
y/code-nationality.co
mponent.scss:1:8:
[37m      1 Γöé 
@import [32m[37m'..
/code-shared';
        Γò╡         
[32m^[0m


  Sass @import rules 
are deprecated and 
will be removed in 
Dart Sass 3.0.0.
  
  More info and 
automated migrator: 
[4mhttps://sass-lang.
com/d/import[0m


[33mΓû▓ [43;33m[[4
3;30mWARNING[43;33m]
[0m 
[1mDeprecation[0m 
[1m[35m[plugin 
angular-sass][0m

    src/app/features/
codes/code-price-list
/code-price-list.comp
onent.scss:1:8:
[37m      1 Γöé 
@import [32m[37m'..
/code-shared';
        Γò╡         
[32m^[0m


  Sass @import rules 
are deprecated and 
will be removed in 
Dart Sass 3.0.0.
  
  More info and 
automated migrator: 
[4mhttps://sass-lang.
com/d/import[0m


[33mΓû▓ [43;33m[[4
3;30mWARNING[43;33m]
[0m 
[1mDeprecation[0m 
[1m[35m[plugin 
angular-sass][0m

    src/app/features/
codes/code-rate/code-
rate.component.scss:1
:8:
[37m      1 Γöé 
@import [32m[37m'..
/code-shared';
        Γò╡         
[32m^[0m


  Sass @import rules 
are deprecated and 
will be removed in 
Dart Sass 3.0.0.
  
  More info and 
automated migrator: 
[4mhttps://sass-lang.
com/d/import[0m


[33mΓû▓ [43;33m[[4
3;30mWARNING[43;33m]
[0m 
[1mDeprecation[0m 
[1m[35m[plugin 
angular-sass][0m

    src/app/features/
codes/code-rep/code-r
ep.component.scss:1:8
:
[37m      1 Γöé 
@import [32m[37m'..
/code-shared';
        Γò╡         
[32m^[0m


  Sass @import rules 
are deprecated and 
will be removed in 
Dart Sass 3.0.0.
  
  More info and 
automated migrator: 
[4mhttps://sass-lang.
com/d/import[0m


[33mΓû▓ [43;33m[[4
3;30mWARNING[43;33m]
[0m 
[1mDeprecation[0m 
[1m[35m[plugin 
angular-sass][0m
Output location: D:\angular\diving-system\dist\diving-system


    src/app/features/
codes/code-transporta
tion-cost/code-transp
ortation-cost.compone
nt.scss:1:8:
[37m      1 Γöé 
@import [32m[37m'..
/code-shared';
        Γò╡         
[32m^[0m


  Sass @import rules 
are deprecated and 
will be removed in 
Dart Sass 3.0.0.
  
  More info and 
automated migrator: 
[4mhttps://sass-lang.
com/d/import[0m


[33mΓû▓ [43;33m[[4
3;30mWARNING[43;33m]
[0m 
[1mDeprecation[0m 
[1m[35m[plugin 
angular-sass][0m

    src/app/features/
codes/code-transporta
tion-supplier/code-tr
ansportation-supplier
.component.scss:1:8:
[37m      1 Γöé 
@import [32m[37m'..
/code-shared';
        Γò╡         
[32m^[0m


  Sass @import rules 
are deprecated and 
will be removed in 
Dart Sass 3.0.0.
  
  More info and 
automated migrator: 
[4mhttps://sass-lang.
com/d/import[0m


[33mΓû▓ [43;33m[[4
3;30mWARNING[43;33m]
[0m 
[1mDeprecation[0m 
[1m[35m[plugin 
angular-sass][0m

    src/app/features/
codes/code-transporta
tion-type/code-transp
ortation-type.compone
nt.scss:1:8:
[37m      1 Γöé 
@import [32m[37m'..
/code-shared';
        Γò╡         
[32m^[0m


  Sass @import rules 
are deprecated and 
will be removed in 
Dart Sass 3.0.0.
  
  More info and 
automated migrator: 
[4mhttps://sass-lang.
com/d/import[0m


[33mΓû▓ [43;33m[[4
3;30mWARNING[43;33m]
[0m 
[1mDeprecation[0m 
[1m[35m[plugin 
angular-sass][0m

    src/app/features/
codes/code-voucher/co
de-voucher.component.
scss:1:8:
[37m      1 Γöé 
@import [32m[37m'..
/code-shared';
        Γò╡         
[32m^[0m


  Sass @import rules 
are deprecated and 
will be removed in 
Dart Sass 3.0.0.
  
  More info and 
automated migrator: 
[4mhttps://sass-lang.
com/d/import[0m


[33mΓû▓ [43;33m[[4
3;30mWARNING[43;33m]
[0m 
[1mDeprecation[0m 
[1m[35m[plugin 
angular-sass][0m

    src/app/features/
help/help.component.s
css:1:8:
[37m      1 Γöé 
@import [32m[37m'..
/dashboard/dashboard.
component.scss';
        Γò╡         
[32m^[0m


  Sass @import rules 
are deprecated and 
will be removed in 
Dart Sass 3.0.0.
  
  More info and 
automated migrator: 
[4mhttps://sass-lang.
com/d/import[0m


[33mΓû▓ [43;33m[[4
3;30mWARNING[43;33m]
[0m 
[1mDeprecation[0m 
[1m[35m[plugin 
angular-sass][0m

    src/app/features/
reports/reports.compo
nent.scss:1:8:
[37m      1 Γöé 
@import [32m[37m'..
/dashboard/dashboard.
component.scss';
        Γò╡         
[32m^[0m


  Sass @import rules 
are deprecated and 
will be removed in 
Dart Sass 3.0.0.
  
  More info and 
automated migrator: 
[4mhttps://sass-lang.
com/d/import[0m

[39m[22m
